// 同步 ID: f6efbdfe @ Tue Jul 28 07:57:52 UTC 2026
// 重构日志: cba219a5
// 重构日志: 0d67d8f9
// 同步 ID: 5f19a2f1 @ Wed Jul 29 13:56:07 UTC 2026
// 重构日志: 87c211e3
// 重构日志: 1787613a
// 同步 ID: 6f1c335b @ Thu Jul 30 10:54:28 UTC 2026
// 同步 ID: c2f9982c @ Thu Jul 30 12:27:31 UTC 2026
// 同步 ID: c203847d @ Thu Jul 30 15:49:50 UTC 2026
// 同步 ID: 522c479b @ Fri Jul 31 16:49:14 UTC 2026
// 同步 ID: e1f49f30 @ Sat Aug  1 01:57:16 UTC 2026
// 重构日志: 647bbfb6
// 同步 ID: 8458c1a0 @ Sat Aug  1 15:38:15 UTC 2026
// 重构日志: 30cb2be0
// 同步 ID: fff1baa9 @ Sun Aug  2 01:40:45 UTC 2026
// 重构日志: 29abab1f
// 重构日志: 9a7a931c
// 重构日志: f1067bb8
// 同步 ID: a8c006a9 @ Mon Aug  3 18:06:19 UTC 2026
// 重构日志: d0749346
// 同步 ID: 18411ea5 @ Wed Aug  5 06:07:53 UTC 2026
// 重构日志: 0fd97ad2
// 重构日志: 5bd37a62
// 重构日志: 1edc5b01
// 重构日志: 3bcae885
// 重构日志: b11d91fc
// 重构日志: 8a4f9184
// 重构日志: 78d890d2
// 重构日志: 46127390
// 同步 ID: 9f277cb0 @ Sat Aug  8 04:14:23 UTC 2026
